
========== 크롤러 테스트: "다또아" ==========

✅ 스니펫 15개 추출됨:

1. 사이트인스타그램, 유튜브...
2. 정보확인 내용 열고 닫기...
3. 인물정보 직접 관리해보세요...
4. 뉴스관련도순최신순모바일 메인 언론사...
5. 관련도순최신순모바일 메인 언론사...
6. 파이낸셜뉴스1일 전네이버뉴스...
7. 한때 구독자 270만 '1세대 뷰티 크리에이터' 다또아, 29세로 사망...
8. 1세대 뷰티 크리에이터 다또아(본명 이다솔)의 사망 소식이 전해졌다. 업계에 따르면 다또아는 지난해 12월 16일 세상을 떠났다. 향년 29세....
9. '111만 뷰티 유튜버' 다또아, 29세로 사망뉴시스1일 전네이버뉴스'K뷰티 산증인' 다또아, 갑작스러운 사망..향년 29세 "억측 자제 당부"...
10. '111만 뷰티 유튜버' 다또아, 29세로 사망뉴시스1일 전네이버뉴스...
11. '111만 뷰티 유튜버' 다또아, 29세로 사망...
12. 뉴시스1일 전네이버뉴스...
13. 'K뷰티 산증인' 다또아, 갑작스러운 사망..향년 29세 "억측 자제 당부"스포티비뉴스19시간 전네이버뉴스...
14. 'K뷰티 산증인' 다또아, 갑작스러운 사망..향년 29세 "억측 자제 당부"...
15. 스포티비뉴스19시간 전네이버뉴스...
