
========== 1. 카테고리별 유효기간 테스트 ==========

✅ celeb (다또아): 24시간 (예상: 24시간)
✅ news (속보): 24시간 (예상: 24시간)
✅ policy (청년지원금): 48시간 (예상: 48시간)
✅ finance (주식): 48시간 (예상: 48시간)
✅ life_tips (인테리어): 72시간 (예상: 72시간)
✅ it (아이폰): 72시간 (예상: 72시간)

========== 2. 카테고리 감지 테스트 ==========

✅ "청년지원금 신청방법": policy (예상: policy)
✅ "출산지원금 2026": policy (예상: policy)
✅ "소상공인 긴급지원금": policy (예상: policy)
✅ "이케아 수납 추천": life_tips (예상: life_tips)
✅ "에어프라이어 추천": life_tips (예상: life_tips)
✅ "홈카페 꿀템": life_tips (예상: life_tips)
✅ "다또아 사망": general (예상: general)
✅ "아이돌 컴백": celeb (예상: celeb)
✅ "아이폰16 출시일": it (예상: it)

========== 3. 다또아 키워드 만료 시뮬레이션 ==========

수집 시각: 2026-01-01T07:55:11.050Z
현재 시각: 2026-01-03T06:47:00.000Z
경과 시간: 47시간

[기존] 72시간 만료: 2026-01-04T07:55:11.050Z → 유효: 예
[신규] 24시간 만료: 2026-01-02T07:55:11.050Z → 유효: 아니오 ✅

🎉 다또아는 이제 만료되어 더 이상 추천되지 않습니다!

========== 4. 크롤러 테스트 (지원금 키워드) ==========

크롤링 테스트: "청년지원금 2026"
✅ 5개 스니펫 추출됨:
   1. 청년몽땅정보통youth.seoul.go.kr›infoData...
   2. youth.seoul.go.kr›infoData...
   3. 청년정책 > 청년정책검색 > 중앙정부/타지역 정책 > 상세 : 청년일자리 근속장려금 지원사업...
   4. 사업개요 · 정책 유형 · 일자리 · 주관 기관 · 정책 소개 · 중소기업 장기근속자에 대한 인센티브 제공하여 청년층의 장기근...
   5. 신청자격 · 연령 · 19 세 ~ 45 세 · 참여요건 · 1. 참여자 : 유사사업 참여 중이거나 지원금을 수령한 자, 대학 ...

========== 테스트 완료 ==========
